ASxxxx Linker V03.00 + NoICE + sdld,  page 1.
Hexadecimal  [32-Bits]

Area                                    Addr        Size        Decimal Bytes (Attributes)
--------------------------------        ----        ----        ------- ----- ------------
.  .ABS.                            00000000    00000000 =           0. bytes (ABS,CON)

      Value  Global                              Global Defined In Module
      -----  --------------------------------   ------------------------
     00000000  .__.ABS.                           cpct_video
     00000000  l__CABS                         
     00000000  l__DABS                         
     00000000  l__DATA                         
     00000000  l__GSFINAL                      
     00000000  l__GSINIT                       
     00000000  l__HOME                         
     00000000  l__INITIALIZED                  
     00000000  l__INITIALIZER                  
     00000000  s__CABS                         
     00000000  s__DABS                         
     0000011F  l__CODE                         
     00000200  s__CODE                         
     0000031F  s__DATA                         
     0000031F  s__GSFINAL                      
     0000031F  s__GSINIT                       
     0000031F  s__HOME                         
     0000031F  s__INITIALIZED                  
     0000031F  s__INITIALIZER                  

ASxxxx Linker V03.00 + NoICE + sdld,  page 2.
Hexadecimal  [32-Bits]

Area                                    Addr        Size        Decimal Bytes (Attributes)
--------------------------------        ----        ----        ------- ----- ------------
_CODE                               00000200    0000011F =         287. bytes (REL,CON)

      Value  Global                              Global Defined In Module
      -----  --------------------------------   ------------------------
     00000200  _main                              main
     00000243  _cpct_drawStringM1                 cpct_strings
     0000024B  cpct_drawStringM1_asm              cpct_strings
     00000265  _cpct_drawCharM1                   cpct_strings
     00000272  cpct_drawCharM1_asm                cpct_strings
     000002EC  dc_mode1_ct                        
     000002F0  _cpct_memset                       cpct_memutils
     000002FE  _cpct_mode_rom_status              cpct_firmware
     000002FF  _cpct_getScreenPtr                 cpct_video
ASxxxx Linker V03.00 + NoICE + sdld,  page 3.

Files Linked                              [ module(s) ]

obj/main.rel                              [ main ]


Libraries Linked                          [ object file ]

/home/User/cpctelera-1.4/cpctelera/cpctelera.lib
                                          [ cpct_drawStringM1.rel ]
/home/User/cpctelera-1.4/cpctelera/cpctelera.lib
                                          [ cpct_drawCharM1.rel ]
/home/User/cpctelera-1.4/cpctelera/cpctelera.lib
                                          [ cpct_dc_mode1_ct.rel ]
/home/User/cpctelera-1.4/cpctelera/cpctelera.lib
                                          [ cpct_memset_cbinding.rel ]
/home/User/cpctelera-1.4/cpctelera/cpctelera.lib
                                          [ cpc_mode_rom_status.rel ]
/home/User/cpctelera-1.4/cpctelera/cpctelera.lib
                                          [ cpct_getScreenPtr_cbindings.rel ]

ASxxxx Linker V03.00 + NoICE + sdld,  page 4.

User Base Address Definitions

_CODE = 0x0200
_DATA = 0x0000

